test_all_selectable_capabilities_primary_line_audit (test_printer_configuration.CatalogTests.test_all_selectable_capabilities_primary_line_audit) ... ok
test_board_change_and_data_extension (test_printer_configuration.CatalogTests.test_board_change_and_data_extension) ... ok
test_catalog_sources (test_printer_configuration.CatalogTests.test_catalog_sources) ... ok
test_data_only_preset_extension_and_negatives (test_printer_configuration.CatalogTests.test_data_only_preset_extension_and_negatives) ... ok
test_fixed_factory_schema_and_catalog_corruption (test_printer_configuration.CatalogTests.test_fixed_factory_schema_and_catalog_corruption) ... ok
test_full_protected_and_incomplete (test_printer_configuration.CatalogTests.test_full_protected_and_incomplete) ... ok
test_reference_field_primary_sources (test_printer_configuration.CatalogTests.test_reference_field_primary_sources) ... ok
test_reference_presets_and_dependencies (test_printer_configuration.CatalogTests.test_reference_presets_and_dependencies) ... ok
test_rejections (test_printer_configuration.CatalogTests.test_rejections) ... ok
test_sensor_positive_allowlist_and_determinism (test_printer_configuration.CatalogTests.test_sensor_positive_allowlist_and_determinism) ... ok
test_tmc2209_software_current_boundary (test_printer_configuration.CatalogTests.test_tmc2209_software_current_boundary) ... ok
test_two_sessions_stale_import_and_reviewed_replacement (test_printer_configuration.PersistenceTests.test_two_sessions_stale_import_and_reviewed_replacement) ... ok
test_two_sessions_stale_import_and_reviewed_replacement (test_printer_configuration.HistoricalPersistenceTests.test_two_sessions_stale_import_and_reviewed_replacement) ... ok
test_preset_request_is_preview_only (test_printer_configuration.PersistenceTests.test_preset_request_is_preview_only) ... ok
test_preset_request_is_preview_only (test_printer_configuration.HistoricalPersistenceTests.test_preset_request_is_preview_only) ... ok
test_context_privilege_links_import_and_locks (test_printer_configuration.PersistenceTests.test_context_privilege_links_import_and_locks) ... ok
test_context_privilege_links_import_and_locks (test_printer_configuration.HistoricalPersistenceTests.test_context_privilege_links_import_and_locks) ... ok
test_cas_review_previous_restore_ack (test_printer_configuration.PersistenceTests.test_cas_review_previous_restore_ack) ... ok
test_cas_review_previous_restore_ack (test_printer_configuration.HistoricalPersistenceTests.test_cas_review_previous_restore_ack) ... ok

----------------------------------------------------------------------
Ran 19 tests in 0.472s

OK
